EDA Netlist Writer report for top_ADCinterface
Sun Sep  6 18:11:01 2015
Quartus II 64-Bit Version 15.0.0 Build 145 04/22/2015 SJ Web Edition


---------------------
; Table of Contents ;
---------------------
  1. Legal Notice
  2. EDA Netlist Writer Summary
  3. EDA Netlist Writer Messages



----------------
; Legal Notice ;
----------------
Copyright (C) 1991-2015 Altera Corporation. All rights reserved.
Your use of Altera Corporation's design tools, logic functions 
and other software and tools, and its AMPP partner logic 
functions, and any output files from any of the foregoing 
(including device programming or simulation files), and any 
associated documentation or information are expressly subject 
to the terms and conditions of the Altera Program License 
Subscription Agreement, the Altera Quartus II License Agreement,
the Altera MegaCore Function License Agreement, or other 
applicable license agreement, including, without limitation, 
that your use is for the sole purpose of programming logic 
devices manufactured by Altera and sold by Altera or its 
authorized distributors.  Please refer to the applicable 
agreement for further details.



+---------------------------------------------------------------+
; EDA Netlist Writer Summary                                    ;
+---------------------------+-----------------------------------+
; EDA Netlist Writer Status ; Failed - Sun Sep  6 18:11:01 2015 ;
; Revision Name             ; top_ADCinterface                  ;
; Top-level Entity Name     ; top_ADCinterface                  ;
; Family                    ; Cyclone V                         ;
+---------------------------+-----------------------------------+


+-----------------------------+
; EDA Netlist Writer Messages ;
+-----------------------------+
Info: *******************************************************************
Info: Running Quartus II 64-Bit EDA Netlist Writer
    Info: Version 15.0.0 Build 145 04/22/2015 SJ Web Edition
    Info: Processing started: Sun Sep  6 18:10:58 2015
Info: Command: quartus_eda --read_settings_files=off --write_settings_files=off ADCinterface -c top_ADCinterface
Error (204012): Can't generate netlist output files because the file "/home/eric/GitHub/AMdemod/IP/LO/synthesis/submodules/cordic_axor_1p_lpm.v" is an OpenCore Plus time-limited file
Error (204012): Can't generate netlist output files because the file "/home/eric/GitHub/AMdemod/IP/LO/synthesis/submodules/asj_altqmcpipe.v" is an OpenCore Plus time-limited file
Error (204012): Can't generate netlist output files because the file "/home/eric/GitHub/AMdemod/IP/LO/synthesis/submodules/cordic_sxor_1p_lpm.v" is an OpenCore Plus time-limited file
Error (204012): Can't generate netlist output files because the file "/home/eric/GitHub/AMdemod/IP/LO/synthesis/submodules/asj_dxx_g.v" is an OpenCore Plus time-limited file
Error (204012): Can't generate netlist output files because the file "/home/eric/GitHub/AMdemod/IP/LO/synthesis/submodules/asj_dxx.v" is an OpenCore Plus time-limited file
Error (204012): Can't generate netlist output files because the file "/home/eric/GitHub/AMdemod/IP/LO/synthesis/submodules/cord_seg_sel.v" is an OpenCore Plus time-limited file
Error (204012): Can't generate netlist output files because the file "/home/eric/GitHub/AMdemod/IP/LO/synthesis/submodules/cord_fs.v" is an OpenCore Plus time-limited file
Error (204012): Can't generate netlist output files because the file "/home/eric/GitHub/AMdemod/IP/LO/synthesis/submodules/asj_nco_apr_dxx.v" is an OpenCore Plus time-limited file
Error (204012): Can't generate netlist output files because the file "/home/eric/GitHub/AMdemod/IP/LO/synthesis/submodules/cord_2c.v" is an OpenCore Plus time-limited file
Error (204012): Can't generate netlist output files because the file "/home/eric/GitHub/AMdemod/IP/LO/synthesis/submodules/asj_crd_par.v" is an OpenCore Plus time-limited file
Error (204012): Can't generate netlist output files because the file "/home/eric/GitHub/AMdemod/IP/LO/synthesis/submodules/cord_init.v" is an OpenCore Plus time-limited file
Error (204012): Can't generate netlist output files because the file "/home/eric/GitHub/AMdemod/IP/LO/synthesis/submodules/dop_reg.v" is an OpenCore Plus time-limited file
Error (204012): Can't generate netlist output files because the file "/home/eric/GitHub/AMdemod/IP/LO/synthesis/submodules/cordic_zxor_1p_lpm.v" is an OpenCore Plus time-limited file
Error (204012): Can't generate netlist output files because the file "/home/eric/GitHub/AMdemod/IP/LO/synthesis/submodules/asj_nco_isdr.v" is an OpenCore Plus time-limited file
Error (204009): Can't generate netlist output files because the license for encrypted file "/home/eric/GitHub/AMdemod/IP/LO/synthesis/submodules/cordic_axor_1p_lpm.v" is not available
Error (204009): Can't generate netlist output files because the license for encrypted file "/home/eric/GitHub/AMdemod/IP/LO/synthesis/submodules/asj_altqmcpipe.v" is not available
Error (204009): Can't generate netlist output files because the license for encrypted file "/home/eric/GitHub/AMdemod/IP/LO/synthesis/submodules/cordic_sxor_1p_lpm.v" is not available
Error (204009): Can't generate netlist output files because the license for encrypted file "/home/eric/GitHub/AMdemod/IP/LO/synthesis/submodules/asj_dxx_g.v" is not available
Error (204009): Can't generate netlist output files because the license for encrypted file "/home/eric/GitHub/AMdemod/IP/LO/synthesis/submodules/asj_dxx.v" is not available
Error (204009): Can't generate netlist output files because the license for encrypted file "/home/eric/GitHub/AMdemod/IP/LO/synthesis/submodules/cord_seg_sel.v" is not available
Error (204009): Can't generate netlist output files because the license for encrypted file "/home/eric/GitHub/AMdemod/IP/LO/synthesis/submodules/cord_fs.v" is not available
Error (204009): Can't generate netlist output files because the license for encrypted file "/home/eric/GitHub/AMdemod/IP/LO/synthesis/submodules/asj_nco_apr_dxx.v" is not available
Error (204009): Can't generate netlist output files because the license for encrypted file "/home/eric/GitHub/AMdemod/IP/LO/synthesis/submodules/cord_2c.v" is not available
Error (204009): Can't generate netlist output files because the license for encrypted file "/home/eric/GitHub/AMdemod/IP/LO/synthesis/submodules/asj_crd_par.v" is not available
Error (204009): Can't generate netlist output files because the license for encrypted file "/home/eric/GitHub/AMdemod/IP/LO/synthesis/submodules/cord_init.v" is not available
Error (204009): Can't generate netlist output files because the license for encrypted file "/home/eric/GitHub/AMdemod/IP/LO/synthesis/submodules/dop_reg.v" is not available
Error (204009): Can't generate netlist output files because the license for encrypted file "/home/eric/GitHub/AMdemod/IP/LO/synthesis/submodules/cordic_zxor_1p_lpm.v" is not available
Error (204009): Can't generate netlist output files because the license for encrypted file "/home/eric/GitHub/AMdemod/IP/LO/synthesis/submodules/asj_nco_isdr.v" is not available
Error (204012): Can't generate netlist output files because the file "/home/eric/GitHub/AMdemod/IP/LO/synthesis/submodules/cordic_axor_1p_lpm.v" is an OpenCore Plus time-limited file
Error (204012): Can't generate netlist output files because the file "/home/eric/GitHub/AMdemod/IP/LO/synthesis/submodules/asj_altqmcpipe.v" is an OpenCore Plus time-limited file
Error (204012): Can't generate netlist output files because the file "/home/eric/GitHub/AMdemod/IP/LO/synthesis/submodules/cordic_sxor_1p_lpm.v" is an OpenCore Plus time-limited file
Error (204012): Can't generate netlist output files because the file "/home/eric/GitHub/AMdemod/IP/LO/synthesis/submodules/asj_dxx_g.v" is an OpenCore Plus time-limited file
Error (204012): Can't generate netlist output files because the file "/home/eric/GitHub/AMdemod/IP/LO/synthesis/submodules/asj_dxx.v" is an OpenCore Plus time-limited file
Error (204012): Can't generate netlist output files because the file "/home/eric/GitHub/AMdemod/IP/LO/synthesis/submodules/cord_seg_sel.v" is an OpenCore Plus time-limited file
Error (204012): Can't generate netlist output files because the file "/home/eric/GitHub/AMdemod/IP/LO/synthesis/submodules/cord_fs.v" is an OpenCore Plus time-limited file
Error (204012): Can't generate netlist output files because the file "/home/eric/GitHub/AMdemod/IP/LO/synthesis/submodules/asj_nco_apr_dxx.v" is an OpenCore Plus time-limited file
Error (204012): Can't generate netlist output files because the file "/home/eric/GitHub/AMdemod/IP/LO/synthesis/submodules/cord_2c.v" is an OpenCore Plus time-limited file
Error (204012): Can't generate netlist output files because the file "/home/eric/GitHub/AMdemod/IP/LO/synthesis/submodules/asj_crd_par.v" is an OpenCore Plus time-limited file
Error (204012): Can't generate netlist output files because the file "/home/eric/GitHub/AMdemod/IP/LO/synthesis/submodules/cord_init.v" is an OpenCore Plus time-limited file
Error (204012): Can't generate netlist output files because the file "/home/eric/GitHub/AMdemod/IP/LO/synthesis/submodules/dop_reg.v" is an OpenCore Plus time-limited file
Error (204012): Can't generate netlist output files because the file "/home/eric/GitHub/AMdemod/IP/LO/synthesis/submodules/cordic_zxor_1p_lpm.v" is an OpenCore Plus time-limited file
Error (204012): Can't generate netlist output files because the file "/home/eric/GitHub/AMdemod/IP/LO/synthesis/submodules/asj_nco_isdr.v" is an OpenCore Plus time-limited file
Error (204009): Can't generate netlist output files because the license for encrypted file "/home/eric/GitHub/AMdemod/IP/LO/synthesis/submodules/cordic_axor_1p_lpm.v" is not available
Error (204009): Can't generate netlist output files because the license for encrypted file "/home/eric/GitHub/AMdemod/IP/LO/synthesis/submodules/asj_altqmcpipe.v" is not available
Error (204009): Can't generate netlist output files because the license for encrypted file "/home/eric/GitHub/AMdemod/IP/LO/synthesis/submodules/cordic_sxor_1p_lpm.v" is not available
Error (204009): Can't generate netlist output files because the license for encrypted file "/home/eric/GitHub/AMdemod/IP/LO/synthesis/submodules/asj_dxx_g.v" is not available
Error (204009): Can't generate netlist output files because the license for encrypted file "/home/eric/GitHub/AMdemod/IP/LO/synthesis/submodules/asj_dxx.v" is not available
Error (204009): Can't generate netlist output files because the license for encrypted file "/home/eric/GitHub/AMdemod/IP/LO/synthesis/submodules/cord_seg_sel.v" is not available
Error (204009): Can't generate netlist output files because the license for encrypted file "/home/eric/GitHub/AMdemod/IP/LO/synthesis/submodules/cord_fs.v" is not available
Error (204009): Can't generate netlist output files because the license for encrypted file "/home/eric/GitHub/AMdemod/IP/LO/synthesis/submodules/asj_nco_apr_dxx.v" is not available
Error (204009): Can't generate netlist output files because the license for encrypted file "/home/eric/GitHub/AMdemod/IP/LO/synthesis/submodules/cord_2c.v" is not available
Error (204009): Can't generate netlist output files because the license for encrypted file "/home/eric/GitHub/AMdemod/IP/LO/synthesis/submodules/asj_crd_par.v" is not available
Error (204009): Can't generate netlist output files because the license for encrypted file "/home/eric/GitHub/AMdemod/IP/LO/synthesis/submodules/cord_init.v" is not available
Error (204009): Can't generate netlist output files because the license for encrypted file "/home/eric/GitHub/AMdemod/IP/LO/synthesis/submodules/dop_reg.v" is not available
Error (204009): Can't generate netlist output files because the license for encrypted file "/home/eric/GitHub/AMdemod/IP/LO/synthesis/submodules/cordic_zxor_1p_lpm.v" is not available
Error (204009): Can't generate netlist output files because the license for encrypted file "/home/eric/GitHub/AMdemod/IP/LO/synthesis/submodules/asj_nco_isdr.v" is not available
Error (204012): Can't generate netlist output files because the file "/home/eric/GitHub/AMdemod/IP/LO/synthesis/submodules/cordic_axor_1p_lpm.v" is an OpenCore Plus time-limited file
Error (204012): Can't generate netlist output files because the file "/home/eric/GitHub/AMdemod/IP/LO/synthesis/submodules/asj_altqmcpipe.v" is an OpenCore Plus time-limited file
Error (204012): Can't generate netlist output files because the file "/home/eric/GitHub/AMdemod/IP/LO/synthesis/submodules/cordic_sxor_1p_lpm.v" is an OpenCore Plus time-limited file
Error (204012): Can't generate netlist output files because the file "/home/eric/GitHub/AMdemod/IP/LO/synthesis/submodules/asj_dxx_g.v" is an OpenCore Plus time-limited file
Error (204012): Can't generate netlist output files because the file "/home/eric/GitHub/AMdemod/IP/LO/synthesis/submodules/asj_dxx.v" is an OpenCore Plus time-limited file
Error (204012): Can't generate netlist output files because the file "/home/eric/GitHub/AMdemod/IP/LO/synthesis/submodules/cord_seg_sel.v" is an OpenCore Plus time-limited file
Error (204012): Can't generate netlist output files because the file "/home/eric/GitHub/AMdemod/IP/LO/synthesis/submodules/cord_fs.v" is an OpenCore Plus time-limited file
Error (204012): Can't generate netlist output files because the file "/home/eric/GitHub/AMdemod/IP/LO/synthesis/submodules/asj_nco_apr_dxx.v" is an OpenCore Plus time-limited file
Error (204012): Can't generate netlist output files because the file "/home/eric/GitHub/AMdemod/IP/LO/synthesis/submodules/cord_2c.v" is an OpenCore Plus time-limited file
Error (204012): Can't generate netlist output files because the file "/home/eric/GitHub/AMdemod/IP/LO/synthesis/submodules/asj_crd_par.v" is an OpenCore Plus time-limited file
Error (204012): Can't generate netlist output files because the file "/home/eric/GitHub/AMdemod/IP/LO/synthesis/submodules/cord_init.v" is an OpenCore Plus time-limited file
Error (204012): Can't generate netlist output files because the file "/home/eric/GitHub/AMdemod/IP/LO/synthesis/submodules/dop_reg.v" is an OpenCore Plus time-limited file
Error (204012): Can't generate netlist output files because the file "/home/eric/GitHub/AMdemod/IP/LO/synthesis/submodules/cordic_zxor_1p_lpm.v" is an OpenCore Plus time-limited file
Error (204012): Can't generate netlist output files because the file "/home/eric/GitHub/AMdemod/IP/LO/synthesis/submodules/asj_nco_isdr.v" is an OpenCore Plus time-limited file
Error (204009): Can't generate netlist output files because the license for encrypted file "/home/eric/GitHub/AMdemod/IP/LO/synthesis/submodules/cordic_axor_1p_lpm.v" is not available
Error (204009): Can't generate netlist output files because the license for encrypted file "/home/eric/GitHub/AMdemod/IP/LO/synthesis/submodules/asj_altqmcpipe.v" is not available
Error (204009): Can't generate netlist output files because the license for encrypted file "/home/eric/GitHub/AMdemod/IP/LO/synthesis/submodules/cordic_sxor_1p_lpm.v" is not available
Error (204009): Can't generate netlist output files because the license for encrypted file "/home/eric/GitHub/AMdemod/IP/LO/synthesis/submodules/asj_dxx_g.v" is not available
Error (204009): Can't generate netlist output files because the license for encrypted file "/home/eric/GitHub/AMdemod/IP/LO/synthesis/submodules/asj_dxx.v" is not available
Error (204009): Can't generate netlist output files because the license for encrypted file "/home/eric/GitHub/AMdemod/IP/LO/synthesis/submodules/cord_seg_sel.v" is not available
Error (204009): Can't generate netlist output files because the license for encrypted file "/home/eric/GitHub/AMdemod/IP/LO/synthesis/submodules/cord_fs.v" is not available
Error (204009): Can't generate netlist output files because the license for encrypted file "/home/eric/GitHub/AMdemod/IP/LO/synthesis/submodules/asj_nco_apr_dxx.v" is not available
Error (204009): Can't generate netlist output files because the license for encrypted file "/home/eric/GitHub/AMdemod/IP/LO/synthesis/submodules/cord_2c.v" is not available
Error (204009): Can't generate netlist output files because the license for encrypted file "/home/eric/GitHub/AMdemod/IP/LO/synthesis/submodules/asj_crd_par.v" is not available
Error (204009): Can't generate netlist output files because the license for encrypted file "/home/eric/GitHub/AMdemod/IP/LO/synthesis/submodules/cord_init.v" is not available
Error (204009): Can't generate netlist output files because the license for encrypted file "/home/eric/GitHub/AMdemod/IP/LO/synthesis/submodules/dop_reg.v" is not available
Error (204009): Can't generate netlist output files because the license for encrypted file "/home/eric/GitHub/AMdemod/IP/LO/synthesis/submodules/cordic_zxor_1p_lpm.v" is not available
Error (204009): Can't generate netlist output files because the license for encrypted file "/home/eric/GitHub/AMdemod/IP/LO/synthesis/submodules/asj_nco_isdr.v" is not available
Error: Quartus II 64-Bit EDA Netlist Writer was unsuccessful. 84 errors, 0 warnings
    Error: Peak virtual memory: 1278 megabytes
    Error: Processing ended: Sun Sep  6 18:11:01 2015
    Error: Elapsed time: 00:00:03
    Error: Total CPU time (on all processors): 00:00:03


